
> french-learning-app@0.1.0 build
> next build

   Ôû▓ Next.js 15.2.4
   - Environments: .env.local

   Linting and checking validity of types ...
   Creating an optimized production build ...
> [PWA] Compile server
> [PWA] Compile server
> [PWA] Compile client (static)
> [PWA] Auto register service worker with: C:\Users\Handy Claude\Desktop\french_game\node_modules\next-pwa\register.js
> [PWA] Service worker: C:\Users\Handy Claude\Desktop\french_game\public\sw.js
> [PWA]   url: /sw.js
> [PWA]   scope: /
node.exe : Browserslist: browsers data (caniuse-lite) is 12 months old. Please 
run:
No C:\nvm4w\nodejs\npm.ps1:29 caractere:3
+   & $NODE_EXE $NPM_CLI_JS $args
+   ~~~~~~~~~~~~~~~~~~~~~~~~~~~~~
    + CategoryInfo          : NotSpecified: (Browserslist: b...ld. Please run: 
   :String) [], RemoteException
    + FullyQualifiedErrorId : NativeCommandError
 
  npx update-browserslist-db@latest
  Why you should do it regularly: 
https://github.com/browserslist/update-db#readme
 Ô£ô Compiled successfully
   Collecting page data ...
   Generating static pages (0/11) ...
Could not find files for /proverbs_results in .next/build-manifest.json
Could not find files for /proverbs_results in .next/build-manifest.json
Could not find files for /sentences_results in .next/build-manifest.json
Could not find files for /sentences_results in .next/build-manifest.json
   Generating static pages (2/11) 
Could not find files for /admin in .next/build-manifest.json
Could not find files for /admin in .next/build-manifest.json
Could not find files for /classes in .next/build-manifest.json
Could not find files for /classes in .next/build-manifest.json
Could not find files for / in .next/build-manifest.json
Could not find files for / in .next/build-manifest.json
Could not find files for /proverbs in .next/build-manifest.json
Could not find files for /proverbs in .next/build-manifest.json
Could not find files for /frases in .next/build-manifest.json
Could not find files for /frases in .next/build-manifest.json
   Generating static pages (5/11) 
   Generating static pages (8/11) 
 Ô£ô Generating static pages (11/11)
   Finalizing page optimization ...
   Collecting build traces ...

Route (pages)                        Size  First Load JS
Ôöî Ôùï / (1715 ms)
Ôö£   /_app
Ôö£ Ôùï /404
Ôö£ Ôùï /admin (1719 ms)
Ôö£ ãÆ /api/auth/[...nextauth]
Ôö£ ãÆ /api/comments/create
Ôö£ ãÆ /api/conquests/[id]/views
Ôö£ ãÆ /api/conquests/cleanup
Ôö£ ãÆ /api/conquests/publish
Ôö£ ãÆ /api/conquests/today
Ôö£ ãÆ /api/freesound
Ôö£ ãÆ /api/generate-images
Ôö£ ãÆ /api/generate-phrases
Ôö£ ãÆ /api/generate-proverbs
Ôö£ ãÆ /api/getAccessCount
Ôö£ ãÆ /api/incrementAccess
Ôö£ ãÆ /api/posts/create
Ôö£ ãÆ /api/posts/delete
Ôö£ ãÆ /api/posts/edit
Ôö£ ãÆ /api/posts/get
Ôö£ ãÆ /api/posts/like
Ôö£ ãÆ /api/posts/view
Ôö£ ãÆ /api/socket
Ôö£ ãÆ /api/super-players
Ôö£ ãÆ /api/track-login
Ôö£ ãÆ /api/user-activity
Ôö£ ãÆ /api/youtube
Ôö£ Ôùï /classes (1715 ms)
Ôö£ Ôùï /frases (1714 ms)
Ôö£ Ôùï /game
Ôö£ Ôùï /proverbs (1714 ms)
Ôö£ Ôùï /proverbs_results (1184 ms)
Ôö£ Ôùï /results (1183 ms)
Ôöö Ôùï /sentences_results (1183 ms)
+ First Load JS shared by all         0 B
  Ôöö other shared chunks (total)       0 B

ãÆ Middleware                      53.3 kB

Ôùï  (Static)   prerendered as static content
ãÆ  (Dynamic)  server-rendered on demand

